// Jest Snapshot v1, https://goo.gl/fbAQLP

exports[`Welcome Snapshot 1`] = `
<div>
  Hello world
</div>
`;
