// Jest Snapshot v1, https://goo.gl/fbAQLP

exports[`TextBox matches the snapshot 1`] = `
<input
  type="text"
/>
`;
