// Jest Snapshot v1, https://goo.gl/fbAQLP

exports[`Button converts basic button using mount 1`] = `
.c0 {
  color: white;
  background-color: black;
}

<styled.button
  className="class"
  type="button"
>
  <button
    className="class c0"
    type="button"
  >
    <strong>
      Hello!
    </strong>
  </button>
</styled.button>
`;

exports[`Button converts basic button using react-test-renderer 1`] = `
.c0 {
  color: white;
  background-color: black;
}

<button
  className="class c0"
  type="button"
>
  <strong>
    Hello!
  </strong>
</button>
`;

exports[`Button converts basic button using render 1`] = `
.c0 {
  color: white;
  background-color: black;
}

<button
  class="class c0"
  type="button"
>
  <strong>
    Hello!
  </strong>
</button>
`;

exports[`Button converts basic button using shallow 1`] = `
<styled.button
  className="class"
  type="button"
>
  <strong>
    Hello!
  </strong>
</styled.button>
`;
